error: Field named last_updated reserved for ent
 --> $DIR/conflicting-field-named-last_updated.rs:6:5
  |
6 |     #[ent(field)]
  |     ^
