error: Enums are unsupported
 --> $DIR/unsupported-enum.rs:4:1
  |
4 | enum TestValue {
  | ^^^^
