error: Unexpected meta-item format `word` at my_edge/edge
  --> $DIR/missing-type-for-edge-attr-with-no-inner.rs:4:1
   |
4  | / struct TestEnt {
5  | |     #[ent(id)]
6  | |     id: Id,
7  | |
...  |
18 | |     my_edge: Id,
19 | | }
   | |_^
