error[E0599]: no method named `my_field` found for struct `TestEnt` in the current scope
  --> $DIR/no-ent-typed_methods-means-no-typed-getter-for-field.rs:31:17
   |
5  | struct TestEnt {
   | -------------- method `my_field` not found for this
...
31 |     let _ = ent.my_field();
   |                 ^^^^^^^^-- help: remove the arguments
   |                 |
   |                 field, not a method
