error[E0599]: no method named `set_my_edge_id` found for struct `TestEnt` in the current scope
  --> $DIR/no-ent-typed_methods-means-no-typed-setter-for-edge-id.rs:30:17
   |
4  | struct TestEnt {
   | -------------- method `set_my_edge_id` not found for this
...
30 |     let _ = ent.set_my_edge_id(3);
   |                 ^^^^^^^^^^^^^^ method not found in `TestEnt`
