error: Duplicate field `created` at created
  --> $DIR/too-many-attr-inside-ent-attr.rs:4:1
   |
4  | / struct TestEnt {
5  | |     #[ent(id)]
6  | |     id: Id,
7  | |
...  |
15 | |     last_updated: u64,
16 | | }
   | |_^
