error: Unexpected literal type `int` at my_edge/edge/type
  --> $DIR/unexpected-ent-edge-type-assignment.rs:4:1
   |
4  | / struct TestEnt {
5  | |     #[ent(id)]
6  | |     id: Id,
7  | |
...  |
18 | |     my_edge: Id,
19 | | }
   | |_^
