error: Unknown field: `something` at my_edge/edge
 --> $DIR/unexpected-inner-attr-for-ent-edge.rs:4:1
  |
4 | struct TestEnt {
  | ^^^^^^
