error: Expected ent(...) attribute
  --> $DIR/unexpected-ent-attr-with-no-inner.rs:11:5
   |
11 |     #[ent]
   |     ^
