error: Expected struct
 --> $DIR/unsupported-union.rs:4:1
  |
4 | union TestEnt {
  | ^^^^^
