error: *const T and *mut T are not supported as field types
  --> $DIR/unsupported-field-type-of-mut-ptr.rs:18:15
   |
18 |     my_field: *mut u32,
   |               ^
